$ ~ % cd Documents/Kintone_Dojo

$ git branch
* master

$ git checkout -b develop
Switched to a new branch 'develop'

$ touch develop_file.md

$ git add develop_file.md

$ git commit -m "develop only"
[develop 4f98baf] develop only
 1 file changed, 0 insertions(+), 0 deletions(-)
 create mode 100644 develop_file.md

$ git status
On branch develop
nothing to commit, working tree clean

$ git push -u origin develop
Enumerating objects: 4, done.
Counting objects: 100% (4/4), done.
Delta compression using up to 4 threads
Compressing objects: 100% (2/2), done.
Writing objects: 100% (3/3), 277 bytes | 277.00 KiB/s, done.
Total 3 (delta 0), reused 0 (delta 0), pack-reused 0
remote: This repository moved. Please use the new location:
remote:   https://github.com/ahandsel/Kintone_Dojo_3.git
remote:
remote: Create a pull request for 'develop' on GitHub by visiting:
remote:      https://github.com/ahandsel/Kintone_Dojo_3/pull/new/develop
remote:
To https://github.com/ahandsel/kintone_dojo_3.git
 * [new branch]      develop -> develop
Branch 'develop' set up to track remote branch 'develop' from 'origin'.